[themestarz.net/html/appstorm/index-01.html]
[themestarz.net/html/appstorm/assets/bootstrap/css/bootstrap.min.css]
[themestarz.net/html/appstorm/assets/font-awesome/css/fontawesome-all.min.css]
[themestarz.net/html/appstorm/assets/css/style.css]
[backblue.gif]
[fade.gif]
[index.html]
[themestarz.net/html/appstorm/assets/css/owl.carousel.min.css]
[themestarz.net/html/appstorm/assets/img/logo-w.png]
[themestarz.net/html/appstorm/assets/img/img-phone-1st-screen.png]
[themestarz.net/html/appstorm/assets/img/img-phone-2nd-screen.png]
[themestarz.net/html/appstorm/assets/img/icon-watch-heart.png]
[themestarz.net/html/appstorm/assets/img/icon-lcd-chart.png]
[themestarz.net/html/appstorm/assets/img/icon-cup-winner.png]
[themestarz.net/html/appstorm/assets/img/logo-01.png]
[themestarz.net/html/appstorm/assets/img/logo-02.png]
[themestarz.net/html/appstorm/assets/img/logo-03.png]
[themestarz.net/html/appstorm/assets/img/logo-04.png]
[themestarz.net/html/appstorm/assets/img/logo-05.png]
[themestarz.net/html/appstorm/assets/img/img-desktop.png]
[themestarz.net/html/appstorm/assets/img/img-tablet.png]
[themestarz.net/html/appstorm/assets/img/img-phone.png]
[themestarz.net/html/appstorm/assets/img/img-screen-desktop.jpg]
[themestarz.net/html/appstorm/assets/img/img-screen-small-01.jpg]
[themestarz.net/html/appstorm/assets/img/img-screen-small-02.jpg]
[themestarz.net/html/appstorm/assets/php/email.html]
[themestarz.net/html/appstorm/assets/img/person-05.jpg]
[themestarz.net/html/appstorm/assets/img/download-appstore.png]
[themestarz.net/html/appstorm/assets/img/download-play.png]
[themestarz.net/html/appstorm/assets/img/person-01.jpg]
[themestarz.net/html/appstorm/assets/img/person-02.jpg]
[themestarz.net/html/appstorm/assets/img/person-03.jpg]
[themestarz.net/html/appstorm/assets/img/person-04.jpg]
[themestarz.net/html/appstorm/assets/js/popper.min.js]
[themestarz.net/html/appstorm/assets/js/imagesloaded.pkgd.min.js]
[themestarz.net/html/appstorm/assets/js/isInViewport.jquery.js]
[themestarz.net/html/appstorm/assets/bootstrap/js/bootstrap.min.js]
[themestarz.net/html/appstorm/assets/js/jquery.particleground.min.js]
[themestarz.net/html/appstorm/assets/js/scrolla.jquery.min.js]
[themestarz.net/html/appstorm/assets/js/jquery-3.3.1.min.js]
[themestarz.net/html/appstorm/assets/js/jquery-validate.bootstrap-tooltip.min.js]
[themestarz.net/html/appstorm/assets/js/owl.carousel.min.js]
[themestarz.net/html/appstorm/assets/js/jquery.validate.min.js]
[themestarz.net/html/appstorm/assets/js/jquery.wavify.js]
[themestarz.net/html/appstorm/assets/img/map-marker.png]
[themestarz.net/html/appstorm/assets/js/custom.js]
[themestarz.net/html/appstorm/index-01.html]
[themestarz.net/html/appstorm/assets/bootstrap/css/bootstrap.min.css]
[themestarz.net/html/appstorm/assets/font-awesome/webfonts/fa-brands-400.eot]
[cdnjs.cloudflare.com/ajax/libs/gsap/1.20.4/TweenMax.min.js]
[themestarz.net/html/appstorm/assets/font-awesome/webfonts/fa-brands-400d41d.eot]
[themestarz.net/html/appstorm/assets/font-awesome/webfonts/fa-brands-400.woff]
[themestarz.net/html/appstorm/assets/font-awesome/webfonts/fa-brands-400.ttf]
[themestarz.net/html/appstorm/assets/font-awesome/webfonts/fa-brands-400.woff2]
[themestarz.net/html/appstorm/assets/font-awesome/webfonts/fa-regular-400.eot]
[themestarz.net/html/appstorm/assets/font-awesome/webfonts/fa-regular-400.woff2]
[themestarz.net/html/appstorm/assets/font-awesome/webfonts/fa-regular-400.woff]
[themestarz.net/html/appstorm/assets/font-awesome/webfonts/fa-regular-400d41d.eot]
[themestarz.net/html/appstorm/assets/font-awesome/webfonts/fa-regular-400.ttf]
[themestarz.net/html/appstorm/assets/font-awesome/webfonts/fa-solid-900.eot]
[themestarz.net/html/appstorm/assets/font-awesome/webfonts/fa-solid-900.woff]
[themestarz.net/html/appstorm/assets/font-awesome/webfonts/fa-solid-900d41d.eot]
[themestarz.net/html/appstorm/assets/font-awesome/webfonts/fa-solid-900.woff2]
[themestarz.net/html/appstorm/assets/font-awesome/webfonts/fa-solid-900.ttf]
[themestarz.net/html/appstorm/assets/font-awesome/css/fontawesome-all.min.css]
[themestarz.net/html/appstorm/assets/img/bg-shape-mask-up.png]
[themestarz.net/html/appstorm/assets/img/bg-shape-mask-down.png]
[themestarz.net/html/appstorm/assets/css/style.css]
[themestarz.net/html/appstorm/assets/css/owl.video.play.png]
[themestarz.net/html/appstorm/assets/css/owl.carousel.min.css]
[themestarz.net/html/appstorm/assets/svg/wave-static-02.svg]
[themestarz.net/html/appstorm/assets/svg/wave-static-01.svg]
[themestarz.net/html/appstorm/assets/svg/organic-shape-01.svg]
[themestarz.net/html/appstorm/assets/svg/organic-shape-02.svg]
[themestarz.net/html/appstorm/assets/svg/organic-shape-03.svg]
[themestarz.net/html/appstorm/assets/php/email.html]
[themestarz.net/html/appstorm/assets/font-awesome/webfonts/fa-brands-400.svg]
[themestarz.net/html/appstorm/assets/font-awesome/webfonts/fa-regular-400.svg]
[themestarz.net/html/appstorm/assets/font-awesome/webfonts/fa-solid-900.svg]
[themestarz.net/html/appstorm/assets/svg/bubble.svg]
[themestarz.net/html/appstorm/assets/img/loading.svg]
[themestarz.net/html/appstorm/assets/css/owl.video.play.html]
